it: ERROR HTTP Error 500: Internal Server Error
be: ERROR timed out
pt: ERROR timed out
hu: ERROR timed out
th: ERROR timed out
eg: ERROR timed out
za: ERROR timed out
us: baseball statcast → 0 hits
ca: mlb statcast → 0 hits
mx: estadísticas béisbol → 0 hits
br: estatísticas beisebol → 0 hits
ar: baseball statcast → 0 hits
bo: baseball statcast → 0 hits
cl: baseball statcast → 0 hits
co: baseball statcast → 0 hits
cr: baseball statcast → 0 hits
do: baseball statcast → 0 hits
ec: baseball statcast → 0 hits
sv: baseball statcast → 0 hits
gt: baseball statcast → 0 hits
hn: baseball statcast → 0 hits
pa: baseball statcast → 0 hits
py: baseball statcast → 0 hits
pe: baseball statcast → 0 hits
gb: baseball statcast → 0 hits
de: baseball statistiken → 0 hits
fr: statistiques baseball → 0 hits
es: estadísticas béisbol → 0 hits
nl: honkbal statistieken → 0 hits
at: baseball statcast → 0 hits
ch: baseball statcast → 0 hits
se: baseball statcast → 0 hits
no: baseball statcast → 0 hits
dk: baseball statcast → 0 hits
fi: baseball statcast → 0 hits
pl: statystyki baseball → 0 hits
ie: baseball statcast → 0 hits
ru: бейсбол статистика → 0 hits
ua: baseball statcast → 0 hits
cz: baseball statcast → 0 hits
sk: baseball statcast → 0 hits
ro: baseball statcast → 0 hits
gr: baseball statcast → 0 hits
hr: baseball statcast → 0 hits
bg: baseball statcast → 0 hits
si: baseball statcast → 0 hits
ee: baseball statcast → 0 hits
lv: baseball statcast → 0 hits
lu: baseball statcast → 0 hits
is: baseball statcast → 0 hits
cy: baseball statcast → 0 hits
tr: beyzbol istatistik → 0 hits
az: baseball statcast → 0 hits
kz: baseball statcast → 0 hits
kg: baseball statcast → 0 hits
uz: baseball statcast → 0 hits
al: baseball statcast → 0 hits
au: baseball stats → 0 hits
nz: baseball statcast → 0 hits
jp: 野球 スタッツ → 0 hits
kr: 야구 통계 → 0 hits
cn: 棒球 数据 → 0 hits
hk: baseball statcast → 0 hits
tw: 棒球 統計 → 0 hits
mo: baseball statcast → 0 hits
sg: baseball statcast → 0 hits
my: baseball statcast → 0 hits
vn: baseball statcast → 0 hits
id: statistik baseball → 0 hits
ph: baseball statcast → 0 hits
in: baseball stats app → 0 hits
kh: baseball statcast → 0 hits
mn: baseball statcast → 0 hits
np: baseball statcast → 0 hits
lk: baseball statcast → 0 hits
sa: بيسبول إحصائيات → 0 hits
ae: baseball statcast → 0 hits
il: baseball statcast → 0 hits
jo: baseball statcast → 0 hits
kw: baseball statcast → 0 hits
lb: baseball statcast → 0 hits
om: baseball statcast → 0 hits
qa: baseball statcast → 0 hits
bh: baseball statcast → 0 hits
iq: baseball statcast → 0 hits
ma: baseball statcast → 0 hits
dz: baseball statcast → 0 hits
gh: baseball statcast → 0 hits
ke: baseball statcast → 0 hits
pk: baseball statcast → 0 hits
am: baseball statcast → 0 hits
Wrote /Users/jackwallner/baseball/scripts/astro-competitor-research.json
