[23:02:07]: [33mfastlane detected a Gemfile in the current directory[0m
[23:02:07]: [33mHowever, it seems like you didn't use `bundle exec`[0m
[23:02:07]: [33mTo launch fastlane faster, please use[0m
[23:02:07]: 
[23:02:07]: [36m$ bundle exec fastlane upload_metadata[0m
[23:02:07]: 
[23:02:07]: [33mGet started using a Gemfile for fastlane https://docs.fastlane.tools/getting-started/ios/setup/#use-a-gemfile[0m
[23:02:08]: ---------------------------
[23:02:08]: --- Step: opt_out_usage ---
[23:02:08]: ---------------------------
[23:02:08]: Disabled upload of used actions
[23:02:08]: ------------------------------
[23:02:08]: --- Step: default_platform ---
[23:02:08]: ------------------------------
[23:02:08]: Driving the lane 'ios upload_metadata' 🚀
[23:02:08]: ---------------------------------------
[23:02:08]: --- Step: app_store_connect_api_key ---
[23:02:08]: ---------------------------------------
[23:02:08]: ---------------------
[23:02:08]: --- Step: deliver ---
[23:02:08]: ---------------------
[23:02:08]: Successfully loaded '/Users/jackwallner/baseball/fastlane/Deliverfile' 📄

+--------------------------------------------------+
|  Detected Values from './fastlane/Deliverfile'   |
+-----------+--------------------------------------+
| languages | ["ar-SA", "bn-BD", "ca", "cs",       |
|           | "da", "de-DE", "el", "en-AU",        |
|           | "en-CA", "en-GB", "en-US", "es-ES",  |
|           | "es-MX", "fi", "fr-CA", "fr-FR",     |
|           | "gu-IN", "he", "hi", "hr", "hu",     |
|           | "id", "it", "ja", "kn-IN", "ko",     |
|           | "ml-IN", "mr-IN", "ms", "nl-NL",     |
|           | "no", "or-IN", "pa-IN", "pl",        |
|           | "pt-BR", "pt-PT", "ro", "ru", "sk",  |
|           | "sl-SI", "sv", "ta-IN", "te-IN",     |
|           | "th", "tr", "uk", "ur-PK", "vi",     |
|           | "zh-Hans", "zh-Hant"]                |
+-----------+--------------------------------------+

[23:02:08]: Creating authorization token for App Store Connect API

+-----------------------------------------------------------------------------+
|                           deliver 2.234.0 Summary                           |
+--------------------------------------+--------------------------------------+
| api_key                              | ********                             |
| app_version                          | 1.1.0                                |
| skip_app_version_update              | true                                 |
| force                                | true                                 |
| ignore_language_directory_validatio  | true                                 |
| n                                    |                                      |
| precheck_include_in_app_purchases    | false                                |
| version_check_wait_retry_limit       | 7                                    |
| skip_binary_upload                   | true                                 |
| skip_screenshots                     | true                                 |
| overwrite_screenshots                | false                                |
| submit_for_review                    | false                                |
| automatic_release                    | false                                |
| run_precheck_before_submit           | false                                |
| app_review_information.first_name    | Jack                                 |
| app_review_information.last_name     | Wallner                              |
| app_review_information.email         | jackwallner@gmail.com                |
| app_review_information.demo_user     | N/A — no login, no account system    |
| app_review_information.notes         | StatScout is a read-only baseball    |
|                                      | statistics viewer with no user       |
|                                      | accounts or sign-in.  Core flow: 1.  |
|                                      | Launch app — new users see           |
|                                      | onboarding; returning users land on  |
|                                      | leaderboard 2. Scroll leaderboard    |
|                                      | of ~800+ players with percentile     |
|                                      | rankings 3. Tap player for profile   |
|                                      | with visual metric bars, standard    |
|                                      | stats, and year compare 4. Filter    |
|                                      | by Hitting, Pitching, Fielding,      |
|                                      | Running categories 5. Browse Teams   |
|                                      | tab for team rosters 6. Metrics tab  |
|                                      | shows best/worst performers per      |
|                                      | category  Pro features (IAP via      |
|                                      | RevenueCat): - Historical seasons,   |
|                                      | player comparisons, year-over-year   |
|                                      | tracking - Test with Sandbox         |
|                                      | account via RevenueCat  Known:       |
|                                      | Light mode only. No shadows. No      |
|                                      | accounts. No social features.        |
| submission_information.add_id_info_  | false                                |
| uses_idfa                            |                                      |
| screenshots_path                     | ./fastlane/screenshots               |
| metadata_path                        | ./fastlane/metadata                  |
| username                             | jackwallner@gmail.com                |
| app_identifier                       | com.jackwallner.baseball             |
| platform                             | ios                                  |
| edit_live                            | false                                |
| use_live_version                     | false                                |
| preview_frame_time_code              | 00:00:05:00                          |
| overwrite_preview_videos             | false                                |
| skip_metadata                        | false                                |
| screenshot_processing_timeout        | 3600                                 |
| sync_screenshots                     | false                                |
| verify_only                          | false                                |
| reject_if_possible                   | false                                |
| phased_release                       | false                                |
| reset_ratings                        | false                                |
| team_id                              | YXG4MP6W39                           |
| dev_portal_team_id                   | YXG4MP6W39                           |
| precheck_default_rule_level          | warn                                 |
| languages                            | ["ar-SA", "bn-BD", "ca", "cs",       |
|                                      | "da", "de-DE", "el", "en-AU",        |
|                                      | "en-CA", "en-GB", "en-US", "es-ES",  |
|                                      | "es-MX", "fi", "fr-CA", "fr-FR",     |
|                                      | "gu-IN", "he", "hi", "hr", "hu",     |
|                                      | "id", "it", "ja", "kn-IN", "ko",     |
|                                      | "ml-IN", "mr-IN", "ms", "nl-NL",     |
|                                      | "no", "or-IN", "pa-IN", "pl",        |
|                                      | "pt-BR", "pt-PT", "ro", "ru", "sk",  |
|                                      | "sl-SI", "sv", "ta-IN", "te-IN",     |
|                                      | "th", "tr", "uk", "ur-PK", "vi",     |
|                                      | "zh-Hans", "zh-Hant"]                |
+--------------------------------------+--------------------------------------+

[23:02:08]: Loading './fastlane/metadata/ar-SA/description.txt'...
[23:02:08]: Loading './fastlane/metadata/ar-SA/keywords.txt'...
[23:02:08]: Loading './fastlane/metadata/ar-SA/release_notes.txt'...
[23:02:08]: Loading './fastlane/metadata/ar-SA/support_url.txt'...
[23:02:08]: Loading './fastlane/metadata/ar-SA/marketing_url.txt'...
[23:02:08]: Loading './fastlane/metadata/ar-SA/promotional_text.txt'...
[23:02:08]: Loading './fastlane/metadata/ar-SA/name.txt'...
[23:02:08]: Loading './fastlane/metadata/ar-SA/subtitle.txt'...
[23:02:08]: Loading './fastlane/metadata/ar-SA/privacy_url.txt'...
[23:02:08]: Loading './fastlane/metadata/ar-SA/apple_tv_privacy_policy.txt'...
[23:02:08]: Loading './fastlane/metadata/bn-BD/description.txt'...
[23:02:08]: Loading './fastlane/metadata/bn-BD/keywords.txt'...
[23:02:08]: Loading './fastlane/metadata/bn-BD/release_notes.txt'...
[23:02:08]: Loading './fastlane/metadata/bn-BD/support_url.txt'...
[23:02:08]: Loading './fastlane/metadata/bn-BD/marketing_url.txt'...
[23:02:08]: Loading './fastlane/metadata/bn-BD/promotional_text.txt'...
[23:02:08]: Loading './fastlane/metadata/bn-BD/name.txt'...
[23:02:08]: Loading './fastlane/metadata/bn-BD/subtitle.txt'...
[23:02:08]: Loading './fastlane/metadata/bn-BD/privacy_url.txt'...
[23:02:08]: Loading './fastlane/metadata/bn-BD/apple_tv_privacy_policy.txt'...
[23:02:08]: Loading './fastlane/metadata/ca/description.txt'...
[23:02:08]: Loading './fastlane/metadata/ca/keywords.txt'...
[23:02:08]: Loading './fastlane/metadata/ca/release_notes.txt'...
[23:02:08]: Loading './fastlane/metadata/ca/support_url.txt'...
[23:02:08]: Loading './fastlane/metadata/ca/marketing_url.txt'...
[23:02:08]: Loading './fastlane/metadata/ca/promotional_text.txt'...
[23:02:08]: Loading './fastlane/metadata/ca/name.txt'...
[23:02:08]: Loading './fastlane/metadata/ca/subtitle.txt'...
[23:02:08]: Loading './fastlane/metadata/ca/privacy_url.txt'...
[23:02:08]: Loading './fastlane/metadata/ca/apple_tv_privacy_policy.txt'...
[23:02:08]: Loading './fastlane/metadata/cs/description.txt'...
[23:02:08]: Loading './fastlane/metadata/cs/keywords.txt'...
[23:02:08]: Loading './fastlane/metadata/cs/release_notes.txt'...
[23:02:08]: Loading './fastlane/metadata/cs/support_url.txt'...
[23:02:08]: Loading './fastlane/metadata/cs/marketing_url.txt'...
[23:02:08]: Loading './fastlane/metadata/cs/promotional_text.txt'...
[23:02:08]: Loading './fastlane/metadata/cs/name.txt'...
[23:02:08]: Loading './fastlane/metadata/cs/subtitle.txt'...
[23:02:08]: Loading './fastlane/metadata/cs/privacy_url.txt'...
[23:02:08]: Loading './fastlane/metadata/cs/apple_tv_privacy_policy.txt'...
[23:02:08]: Loading './fastlane/metadata/da/description.txt'...
[23:02:08]: Loading './fastlane/metadata/da/keywords.txt'...
[23:02:08]: Loading './fastlane/metadata/da/release_notes.txt'...
[23:02:08]: Loading './fastlane/metadata/da/support_url.txt'...
[23:02:08]: Loading './fastlane/metadata/da/marketing_url.txt'...
[23:02:08]: Loading './fastlane/metadata/da/promotional_text.txt'...
[23:02:08]: Loading './fastlane/metadata/da/name.txt'...
[23:02:08]: Loading './fastlane/metadata/da/subtitle.txt'...
[23:02:08]: Loading './fastlane/metadata/da/privacy_url.txt'...
[23:02:08]: Loading './fastlane/metadata/da/apple_tv_privacy_policy.txt'...
[23:02:08]: Loading './fastlane/metadata/de-DE/description.txt'...
[23:02:08]: Loading './fastlane/metadata/de-DE/keywords.txt'...
[23:02:08]: Loading './fastlane/metadata/de-DE/release_notes.txt'...
[23:02:08]: Loading './fastlane/metadata/de-DE/support_url.txt'...
[23:02:08]: Loading './fastlane/metadata/de-DE/marketing_url.txt'...
[23:02:08]: Loading './fastlane/metadata/de-DE/promotional_text.txt'...
[23:02:08]: Loading './fastlane/metadata/de-DE/name.txt'...
[23:02:08]: Loading './fastlane/metadata/de-DE/subtitle.txt'...
[23:02:08]: Loading './fastlane/metadata/de-DE/privacy_url.txt'...
[23:02:08]: Loading './fastlane/metadata/de-DE/apple_tv_privacy_policy.txt'...
[23:02:08]: Loading './fastlane/metadata/el/description.txt'...
[23:02:08]: Loading './fastlane/metadata/el/keywords.txt'...
[23:02:08]: Loading './fastlane/metadata/el/release_notes.txt'...
[23:02:08]: Loading './fastlane/metadata/el/support_url.txt'...
[23:02:08]: Loading './fastlane/metadata/el/marketing_url.txt'...
[23:02:08]: Loading './fastlane/metadata/el/promotional_text.txt'...
[23:02:08]: Loading './fastlane/metadata/el/name.txt'...
[23:02:08]: Loading './fastlane/metadata/el/subtitle.txt'...
[23:02:08]: Loading './fastlane/metadata/el/privacy_url.txt'...
[23:02:08]: Loading './fastlane/metadata/el/apple_tv_privacy_policy.txt'...
[23:02:08]: Loading './fastlane/metadata/en-AU/description.txt'...
[23:02:08]: Loading './fastlane/metadata/en-AU/keywords.txt'...
[23:02:08]: Loading './fastlane/metadata/en-AU/release_notes.txt'...
[23:02:08]: Loading './fastlane/metadata/en-AU/support_url.txt'...
[23:02:08]: Loading './fastlane/metadata/en-AU/marketing_url.txt'...
[23:02:08]: Loading './fastlane/metadata/en-AU/promotional_text.txt'...
[23:02:08]: Loading './fastlane/metadata/en-AU/name.txt'...
[23:02:08]: Loading './fastlane/metadata/en-AU/subtitle.txt'...
[23:02:08]: Loading './fastlane/metadata/en-AU/privacy_url.txt'...
[23:02:08]: Loading './fastlane/metadata/en-AU/apple_tv_privacy_policy.txt'...
[23:02:08]: Loading './fastlane/metadata/en-CA/description.txt'...
[23:02:08]: Loading './fastlane/metadata/en-CA/keywords.txt'...
[23:02:08]: Loading './fastlane/metadata/en-CA/release_notes.txt'...
[23:02:08]: Loading './fastlane/metadata/en-CA/support_url.txt'...
[23:02:08]: Loading './fastlane/metadata/en-CA/marketing_url.txt'...
[23:02:08]: Loading './fastlane/metadata/en-CA/promotional_text.txt'...
[23:02:08]: Loading './fastlane/metadata/en-CA/name.txt'...
[23:02:08]: Loading './fastlane/metadata/en-CA/subtitle.txt'...
[23:02:08]: Loading './fastlane/metadata/en-CA/privacy_url.txt'...
[23:02:08]: Loading './fastlane/metadata/en-CA/apple_tv_privacy_policy.txt'...
[23:02:08]: Loading './fastlane/metadata/en-GB/description.txt'...
[23:02:08]: Loading './fastlane/metadata/en-GB/keywords.txt'...
[23:02:08]: Loading './fastlane/metadata/en-GB/release_notes.txt'...
[23:02:08]: Loading './fastlane/metadata/en-GB/support_url.txt'...
[23:02:08]: Loading './fastlane/metadata/en-GB/marketing_url.txt'...
[23:02:08]: Loading './fastlane/metadata/en-GB/promotional_text.txt'...
[23:02:08]: Loading './fastlane/metadata/en-GB/name.txt'...
[23:02:08]: Loading './fastlane/metadata/en-GB/subtitle.txt'...
[23:02:08]: Loading './fastlane/metadata/en-GB/privacy_url.txt'...
[23:02:08]: Loading './fastlane/metadata/en-GB/apple_tv_privacy_policy.txt'...
[23:02:08]: Loading './fastlane/metadata/en-US/description.txt'...
[23:02:08]: Loading './fastlane/metadata/en-US/keywords.txt'...
[23:02:08]: Loading './fastlane/metadata/en-US/release_notes.txt'...
[23:02:08]: Loading './fastlane/metadata/en-US/support_url.txt'...
[23:02:08]: Loading './fastlane/metadata/en-US/marketing_url.txt'...
[23:02:08]: Loading './fastlane/metadata/en-US/promotional_text.txt'...
[23:02:08]: Loading './fastlane/metadata/en-US/name.txt'...
[23:02:08]: Loading './fastlane/metadata/en-US/subtitle.txt'...
[23:02:08]: Loading './fastlane/metadata/en-US/privacy_url.txt'...
[23:02:08]: Loading './fastlane/metadata/en-US/apple_tv_privacy_policy.txt'...
[23:02:08]: Loading './fastlane/metadata/es-ES/description.txt'...
[23:02:08]: Loading './fastlane/metadata/es-ES/keywords.txt'...
[23:02:08]: Loading './fastlane/metadata/es-ES/release_notes.txt'...
[23:02:08]: Loading './fastlane/metadata/es-ES/support_url.txt'...
[23:02:08]: Loading './fastlane/metadata/es-ES/marketing_url.txt'...
[23:02:08]: Loading './fastlane/metadata/es-ES/promotional_text.txt'...
[23:02:08]: Loading './fastlane/metadata/es-ES/name.txt'...
[23:02:08]: Loading './fastlane/metadata/es-ES/subtitle.txt'...
[23:02:08]: Loading './fastlane/metadata/es-ES/privacy_url.txt'...
[23:02:08]: Loading './fastlane/metadata/es-ES/apple_tv_privacy_policy.txt'...
[23:02:08]: Loading './fastlane/metadata/es-MX/description.txt'...
[23:02:08]: Loading './fastlane/metadata/es-MX/keywords.txt'...
[23:02:08]: Loading './fastlane/metadata/es-MX/release_notes.txt'...
[23:02:08]: Loading './fastlane/metadata/es-MX/support_url.txt'...
[23:02:08]: Loading './fastlane/metadata/es-MX/marketing_url.txt'...
[23:02:08]: Loading './fastlane/metadata/es-MX/promotional_text.txt'...
[23:02:08]: Loading './fastlane/metadata/es-MX/name.txt'...
[23:02:08]: Loading './fastlane/metadata/es-MX/subtitle.txt'...
[23:02:08]: Loading './fastlane/metadata/es-MX/privacy_url.txt'...
[23:02:08]: Loading './fastlane/metadata/es-MX/apple_tv_privacy_policy.txt'...
[23:02:08]: Loading './fastlane/metadata/fi/description.txt'...
[23:02:08]: Loading './fastlane/metadata/fi/keywords.txt'...
[23:02:08]: Loading './fastlane/metadata/fi/release_notes.txt'...
[23:02:08]: Loading './fastlane/metadata/fi/support_url.txt'...
[23:02:08]: Loading './fastlane/metadata/fi/marketing_url.txt'...
[23:02:08]: Loading './fastlane/metadata/fi/promotional_text.txt'...
[23:02:08]: Loading './fastlane/metadata/fi/name.txt'...
[23:02:08]: Loading './fastlane/metadata/fi/subtitle.txt'...
[23:02:08]: Loading './fastlane/metadata/fi/privacy_url.txt'...
[23:02:08]: Loading './fastlane/metadata/fi/apple_tv_privacy_policy.txt'...
[23:02:08]: Loading './fastlane/metadata/fr-CA/description.txt'...
[23:02:08]: Loading './fastlane/metadata/fr-CA/keywords.txt'...
[23:02:08]: Loading './fastlane/metadata/fr-CA/release_notes.txt'...
[23:02:08]: Loading './fastlane/metadata/fr-CA/support_url.txt'...
[23:02:08]: Loading './fastlane/metadata/fr-CA/marketing_url.txt'...
[23:02:08]: Loading './fastlane/metadata/fr-CA/promotional_text.txt'...
[23:02:08]: Loading './fastlane/metadata/fr-CA/name.txt'...
[23:02:08]: Loading './fastlane/metadata/fr-CA/subtitle.txt'...
[23:02:08]: Loading './fastlane/metadata/fr-CA/privacy_url.txt'...
[23:02:08]: Loading './fastlane/metadata/fr-CA/apple_tv_privacy_policy.txt'...
[23:02:08]: Loading './fastlane/metadata/fr-FR/description.txt'...
[23:02:08]: Loading './fastlane/metadata/fr-FR/keywords.txt'...
[23:02:08]: Loading './fastlane/metadata/fr-FR/release_notes.txt'...
[23:02:08]: Loading './fastlane/metadata/fr-FR/support_url.txt'...
[23:02:08]: Loading './fastlane/metadata/fr-FR/marketing_url.txt'...
[23:02:08]: Loading './fastlane/metadata/fr-FR/promotional_text.txt'...
[23:02:08]: Loading './fastlane/metadata/fr-FR/name.txt'...
[23:02:08]: Loading './fastlane/metadata/fr-FR/subtitle.txt'...
[23:02:08]: Loading './fastlane/metadata/fr-FR/privacy_url.txt'...
[23:02:08]: Loading './fastlane/metadata/fr-FR/apple_tv_privacy_policy.txt'...
[23:02:08]: Loading './fastlane/metadata/gu-IN/description.txt'...
[23:02:08]: Loading './fastlane/metadata/gu-IN/keywords.txt'...
[23:02:08]: Loading './fastlane/metadata/gu-IN/release_notes.txt'...
[23:02:08]: Loading './fastlane/metadata/gu-IN/support_url.txt'...
[23:02:08]: Loading './fastlane/metadata/gu-IN/marketing_url.txt'...
[23:02:08]: Loading './fastlane/metadata/gu-IN/promotional_text.txt'...
[23:02:08]: Loading './fastlane/metadata/gu-IN/name.txt'...
[23:02:08]: Loading './fastlane/metadata/gu-IN/subtitle.txt'...
[23:02:08]: Loading './fastlane/metadata/gu-IN/privacy_url.txt'...
[23:02:08]: Loading './fastlane/metadata/gu-IN/apple_tv_privacy_policy.txt'...
[23:02:08]: Loading './fastlane/metadata/he/description.txt'...
[23:02:08]: Loading './fastlane/metadata/he/keywords.txt'...
[23:02:08]: Loading './fastlane/metadata/he/release_notes.txt'...
[23:02:08]: Loading './fastlane/metadata/he/support_url.txt'...
[23:02:08]: Loading './fastlane/metadata/he/marketing_url.txt'...
[23:02:08]: Loading './fastlane/metadata/he/promotional_text.txt'...
[23:02:08]: Loading './fastlane/metadata/he/name.txt'...
[23:02:08]: Loading './fastlane/metadata/he/subtitle.txt'...
[23:02:08]: Loading './fastlane/metadata/he/privacy_url.txt'...
[23:02:08]: Loading './fastlane/metadata/he/apple_tv_privacy_policy.txt'...
[23:02:08]: Loading './fastlane/metadata/hi/description.txt'...
[23:02:08]: Loading './fastlane/metadata/hi/keywords.txt'...
[23:02:08]: Loading './fastlane/metadata/hi/release_notes.txt'...
[23:02:08]: Loading './fastlane/metadata/hi/support_url.txt'...
[23:02:08]: Loading './fastlane/metadata/hi/marketing_url.txt'...
[23:02:08]: Loading './fastlane/metadata/hi/promotional_text.txt'...
[23:02:08]: Loading './fastlane/metadata/hi/name.txt'...
[23:02:08]: Loading './fastlane/metadata/hi/subtitle.txt'...
[23:02:08]: Loading './fastlane/metadata/hi/privacy_url.txt'...
[23:02:08]: Loading './fastlane/metadata/hi/apple_tv_privacy_policy.txt'...
[23:02:08]: Loading './fastlane/metadata/hr/description.txt'...
[23:02:08]: Loading './fastlane/metadata/hr/keywords.txt'...
[23:02:08]: Loading './fastlane/metadata/hr/release_notes.txt'...
[23:02:08]: Loading './fastlane/metadata/hr/support_url.txt'...
[23:02:08]: Loading './fastlane/metadata/hr/marketing_url.txt'...
[23:02:08]: Loading './fastlane/metadata/hr/promotional_text.txt'...
[23:02:08]: Loading './fastlane/metadata/hr/name.txt'...
[23:02:08]: Loading './fastlane/metadata/hr/subtitle.txt'...
[23:02:08]: Loading './fastlane/metadata/hr/privacy_url.txt'...
[23:02:08]: Loading './fastlane/metadata/hr/apple_tv_privacy_policy.txt'...
[23:02:08]: Loading './fastlane/metadata/hu/description.txt'...
[23:02:08]: Loading './fastlane/metadata/hu/keywords.txt'...
[23:02:08]: Loading './fastlane/metadata/hu/release_notes.txt'...
[23:02:08]: Loading './fastlane/metadata/hu/support_url.txt'...
[23:02:08]: Loading './fastlane/metadata/hu/marketing_url.txt'...
[23:02:08]: Loading './fastlane/metadata/hu/promotional_text.txt'...
[23:02:08]: Loading './fastlane/metadata/hu/name.txt'...
[23:02:08]: Loading './fastlane/metadata/hu/subtitle.txt'...
[23:02:08]: Loading './fastlane/metadata/hu/privacy_url.txt'...
[23:02:08]: Loading './fastlane/metadata/hu/apple_tv_privacy_policy.txt'...
[23:02:08]: Loading './fastlane/metadata/id/description.txt'...
[23:02:08]: Loading './fastlane/metadata/id/keywords.txt'...
[23:02:08]: Loading './fastlane/metadata/id/release_notes.txt'...
[23:02:08]: Loading './fastlane/metadata/id/support_url.txt'...
[23:02:08]: Loading './fastlane/metadata/id/marketing_url.txt'...
[23:02:08]: Loading './fastlane/metadata/id/promotional_text.txt'...
[23:02:08]: Loading './fastlane/metadata/id/name.txt'...
[23:02:08]: Loading './fastlane/metadata/id/subtitle.txt'...
[23:02:08]: Loading './fastlane/metadata/id/privacy_url.txt'...
[23:02:08]: Loading './fastlane/metadata/id/apple_tv_privacy_policy.txt'...
[23:02:08]: Loading './fastlane/metadata/it/description.txt'...
[23:02:08]: Loading './fastlane/metadata/it/keywords.txt'...
[23:02:08]: Loading './fastlane/metadata/it/release_notes.txt'...
[23:02:08]: Loading './fastlane/metadata/it/support_url.txt'...
[23:02:08]: Loading './fastlane/metadata/it/marketing_url.txt'...
[23:02:08]: Loading './fastlane/metadata/it/promotional_text.txt'...
[23:02:08]: Loading './fastlane/metadata/it/name.txt'...
[23:02:08]: Loading './fastlane/metadata/it/subtitle.txt'...
[23:02:08]: Loading './fastlane/metadata/it/privacy_url.txt'...
[23:02:08]: Loading './fastlane/metadata/it/apple_tv_privacy_policy.txt'...
[23:02:08]: Loading './fastlane/metadata/ja/description.txt'...
[23:02:08]: Loading './fastlane/metadata/ja/keywords.txt'...
[23:02:08]: Loading './fastlane/metadata/ja/release_notes.txt'...
[23:02:08]: Loading './fastlane/metadata/ja/support_url.txt'...
[23:02:08]: Loading './fastlane/metadata/ja/marketing_url.txt'...
[23:02:08]: Loading './fastlane/metadata/ja/promotional_text.txt'...
[23:02:08]: Loading './fastlane/metadata/ja/name.txt'...
[23:02:08]: Loading './fastlane/metadata/ja/subtitle.txt'...
[23:02:08]: Loading './fastlane/metadata/ja/privacy_url.txt'...
[23:02:08]: Loading './fastlane/metadata/ja/apple_tv_privacy_policy.txt'...
[23:02:08]: Loading './fastlane/metadata/kn-IN/description.txt'...
[23:02:08]: Loading './fastlane/metadata/kn-IN/keywords.txt'...
[23:02:08]: Loading './fastlane/metadata/kn-IN/release_notes.txt'...
[23:02:08]: Loading './fastlane/metadata/kn-IN/support_url.txt'...
[23:02:08]: Loading './fastlane/metadata/kn-IN/marketing_url.txt'...
[23:02:08]: Loading './fastlane/metadata/kn-IN/promotional_text.txt'...
[23:02:08]: Loading './fastlane/metadata/kn-IN/name.txt'...
[23:02:08]: Loading './fastlane/metadata/kn-IN/subtitle.txt'...
[23:02:08]: Loading './fastlane/metadata/kn-IN/privacy_url.txt'...
[23:02:08]: Loading './fastlane/metadata/kn-IN/apple_tv_privacy_policy.txt'...
[23:02:09]: Loading './fastlane/metadata/ko/description.txt'...
[23:02:09]: Loading './fastlane/metadata/ko/keywords.txt'...
[23:02:09]: Loading './fastlane/metadata/ko/release_notes.txt'...
[23:02:09]: Loading './fastlane/metadata/ko/support_url.txt'...
[23:02:09]: Loading './fastlane/metadata/ko/marketing_url.txt'...
[23:02:09]: Loading './fastlane/metadata/ko/promotional_text.txt'...
[23:02:09]: Loading './fastlane/metadata/ko/name.txt'...
[23:02:09]: Loading './fastlane/metadata/ko/subtitle.txt'...
[23:02:09]: Loading './fastlane/metadata/ko/privacy_url.txt'...
[23:02:09]: Loading './fastlane/metadata/ko/apple_tv_privacy_policy.txt'...
[23:02:09]: Loading './fastlane/metadata/ml-IN/description.txt'...
[23:02:09]: Loading './fastlane/metadata/ml-IN/keywords.txt'...
[23:02:09]: Loading './fastlane/metadata/ml-IN/release_notes.txt'...
[23:02:09]: Loading './fastlane/metadata/ml-IN/support_url.txt'...
[23:02:09]: Loading './fastlane/metadata/ml-IN/marketing_url.txt'...
[23:02:09]: Loading './fastlane/metadata/ml-IN/promotional_text.txt'...
[23:02:09]: Loading './fastlane/metadata/ml-IN/name.txt'...
[23:02:09]: Loading './fastlane/metadata/ml-IN/subtitle.txt'...
[23:02:09]: Loading './fastlane/metadata/ml-IN/privacy_url.txt'...
[23:02:09]: Loading './fastlane/metadata/ml-IN/apple_tv_privacy_policy.txt'...
[23:02:09]: Loading './fastlane/metadata/mr-IN/description.txt'...
[23:02:09]: Loading './fastlane/metadata/mr-IN/keywords.txt'...
[23:02:09]: Loading './fastlane/metadata/mr-IN/release_notes.txt'...
[23:02:09]: Loading './fastlane/metadata/mr-IN/support_url.txt'...
[23:02:09]: Loading './fastlane/metadata/mr-IN/marketing_url.txt'...
[23:02:09]: Loading './fastlane/metadata/mr-IN/promotional_text.txt'...
[23:02:09]: Loading './fastlane/metadata/mr-IN/name.txt'...
[23:02:09]: Loading './fastlane/metadata/mr-IN/subtitle.txt'...
[23:02:09]: Loading './fastlane/metadata/mr-IN/privacy_url.txt'...
[23:02:09]: Loading './fastlane/metadata/mr-IN/apple_tv_privacy_policy.txt'...
[23:02:09]: Loading './fastlane/metadata/ms/description.txt'...
[23:02:09]: Loading './fastlane/metadata/ms/keywords.txt'...
[23:02:09]: Loading './fastlane/metadata/ms/release_notes.txt'...
[23:02:09]: Loading './fastlane/metadata/ms/support_url.txt'...
[23:02:09]: Loading './fastlane/metadata/ms/marketing_url.txt'...
[23:02:09]: Loading './fastlane/metadata/ms/promotional_text.txt'...
[23:02:09]: Loading './fastlane/metadata/ms/name.txt'...
[23:02:09]: Loading './fastlane/metadata/ms/subtitle.txt'...
[23:02:09]: Loading './fastlane/metadata/ms/privacy_url.txt'...
[23:02:09]: Loading './fastlane/metadata/ms/apple_tv_privacy_policy.txt'...
[23:02:09]: Loading './fastlane/metadata/nl-NL/description.txt'...
[23:02:09]: Loading './fastlane/metadata/nl-NL/keywords.txt'...
[23:02:09]: Loading './fastlane/metadata/nl-NL/release_notes.txt'...
[23:02:09]: Loading './fastlane/metadata/nl-NL/support_url.txt'...
[23:02:09]: Loading './fastlane/metadata/nl-NL/marketing_url.txt'...
[23:02:09]: Loading './fastlane/metadata/nl-NL/promotional_text.txt'...
[23:02:09]: Loading './fastlane/metadata/nl-NL/name.txt'...
[23:02:09]: Loading './fastlane/metadata/nl-NL/subtitle.txt'...
[23:02:09]: Loading './fastlane/metadata/nl-NL/privacy_url.txt'...
[23:02:09]: Loading './fastlane/metadata/nl-NL/apple_tv_privacy_policy.txt'...
[23:02:09]: Loading './fastlane/metadata/no/description.txt'...
[23:02:09]: Loading './fastlane/metadata/no/keywords.txt'...
[23:02:09]: Loading './fastlane/metadata/no/release_notes.txt'...
[23:02:09]: Loading './fastlane/metadata/no/support_url.txt'...
[23:02:09]: Loading './fastlane/metadata/no/marketing_url.txt'...
[23:02:09]: Loading './fastlane/metadata/no/promotional_text.txt'...
[23:02:09]: Loading './fastlane/metadata/no/name.txt'...
[23:02:09]: Loading './fastlane/metadata/no/subtitle.txt'...
[23:02:09]: Loading './fastlane/metadata/no/privacy_url.txt'...
[23:02:09]: Loading './fastlane/metadata/no/apple_tv_privacy_policy.txt'...
[23:02:09]: Loading './fastlane/metadata/or-IN/description.txt'...
[23:02:09]: Loading './fastlane/metadata/or-IN/keywords.txt'...
[23:02:09]: Loading './fastlane/metadata/or-IN/release_notes.txt'...
[23:02:09]: Loading './fastlane/metadata/or-IN/support_url.txt'...
[23:02:09]: Loading './fastlane/metadata/or-IN/marketing_url.txt'...
[23:02:09]: Loading './fastlane/metadata/or-IN/promotional_text.txt'...
[23:02:09]: Loading './fastlane/metadata/or-IN/name.txt'...
[23:02:09]: Loading './fastlane/metadata/or-IN/subtitle.txt'...
[23:02:09]: Loading './fastlane/metadata/or-IN/privacy_url.txt'...
[23:02:09]: Loading './fastlane/metadata/or-IN/apple_tv_privacy_policy.txt'...
[23:02:09]: Loading './fastlane/metadata/pa-IN/description.txt'...
[23:02:09]: Loading './fastlane/metadata/pa-IN/keywords.txt'...
[23:02:09]: Loading './fastlane/metadata/pa-IN/release_notes.txt'...
[23:02:09]: Loading './fastlane/metadata/pa-IN/support_url.txt'...
[23:02:09]: Loading './fastlane/metadata/pa-IN/marketing_url.txt'...
[23:02:09]: Loading './fastlane/metadata/pa-IN/promotional_text.txt'...
[23:02:09]: Loading './fastlane/metadata/pa-IN/name.txt'...
[23:02:09]: Loading './fastlane/metadata/pa-IN/subtitle.txt'...
[23:02:09]: Loading './fastlane/metadata/pa-IN/privacy_url.txt'...
[23:02:09]: Loading './fastlane/metadata/pa-IN/apple_tv_privacy_policy.txt'...
[23:02:09]: Loading './fastlane/metadata/pl/description.txt'...
[23:02:09]: Loading './fastlane/metadata/pl/keywords.txt'...
[23:02:09]: Loading './fastlane/metadata/pl/release_notes.txt'...
[23:02:09]: Loading './fastlane/metadata/pl/support_url.txt'...
[23:02:09]: Loading './fastlane/metadata/pl/marketing_url.txt'...
[23:02:09]: Loading './fastlane/metadata/pl/promotional_text.txt'...
[23:02:09]: Loading './fastlane/metadata/pl/name.txt'...
[23:02:09]: Loading './fastlane/metadata/pl/subtitle.txt'...
[23:02:09]: Loading './fastlane/metadata/pl/privacy_url.txt'...
[23:02:09]: Loading './fastlane/metadata/pl/apple_tv_privacy_policy.txt'...
[23:02:09]: Loading './fastlane/metadata/pt-BR/description.txt'...
[23:02:09]: Loading './fastlane/metadata/pt-BR/keywords.txt'...
[23:02:09]: Loading './fastlane/metadata/pt-BR/release_notes.txt'...
[23:02:09]: Loading './fastlane/metadata/pt-BR/support_url.txt'...
[23:02:09]: Loading './fastlane/metadata/pt-BR/marketing_url.txt'...
[23:02:09]: Loading './fastlane/metadata/pt-BR/promotional_text.txt'...
[23:02:09]: Loading './fastlane/metadata/pt-BR/name.txt'...
[23:02:09]: Loading './fastlane/metadata/pt-BR/subtitle.txt'...
[23:02:09]: Loading './fastlane/metadata/pt-BR/privacy_url.txt'...
[23:02:09]: Loading './fastlane/metadata/pt-BR/apple_tv_privacy_policy.txt'...
[23:02:09]: Loading './fastlane/metadata/pt-PT/description.txt'...
[23:02:09]: Loading './fastlane/metadata/pt-PT/keywords.txt'...
[23:02:09]: Loading './fastlane/metadata/pt-PT/release_notes.txt'...
[23:02:09]: Loading './fastlane/metadata/pt-PT/support_url.txt'...
[23:02:09]: Loading './fastlane/metadata/pt-PT/marketing_url.txt'...
[23:02:09]: Loading './fastlane/metadata/pt-PT/promotional_text.txt'...
[23:02:09]: Loading './fastlane/metadata/pt-PT/name.txt'...
[23:02:09]: Loading './fastlane/metadata/pt-PT/subtitle.txt'...
[23:02:09]: Loading './fastlane/metadata/pt-PT/privacy_url.txt'...
[23:02:09]: Loading './fastlane/metadata/pt-PT/apple_tv_privacy_policy.txt'...
[23:02:09]: Loading './fastlane/metadata/ro/description.txt'...
[23:02:09]: Loading './fastlane/metadata/ro/keywords.txt'...
[23:02:09]: Loading './fastlane/metadata/ro/release_notes.txt'...
[23:02:09]: Loading './fastlane/metadata/ro/support_url.txt'...
[23:02:09]: Loading './fastlane/metadata/ro/marketing_url.txt'...
[23:02:09]: Loading './fastlane/metadata/ro/promotional_text.txt'...
[23:02:09]: Loading './fastlane/metadata/ro/name.txt'...
[23:02:09]: Loading './fastlane/metadata/ro/subtitle.txt'...
[23:02:09]: Loading './fastlane/metadata/ro/privacy_url.txt'...
[23:02:09]: Loading './fastlane/metadata/ro/apple_tv_privacy_policy.txt'...
[23:02:09]: Loading './fastlane/metadata/ru/description.txt'...
[23:02:09]: Loading './fastlane/metadata/ru/keywords.txt'...
[23:02:09]: Loading './fastlane/metadata/ru/release_notes.txt'...
[23:02:09]: Loading './fastlane/metadata/ru/support_url.txt'...
[23:02:09]: Loading './fastlane/metadata/ru/marketing_url.txt'...
[23:02:09]: Loading './fastlane/metadata/ru/promotional_text.txt'...
[23:02:09]: Loading './fastlane/metadata/ru/name.txt'...
[23:02:09]: Loading './fastlane/metadata/ru/subtitle.txt'...
[23:02:09]: Loading './fastlane/metadata/ru/privacy_url.txt'...
[23:02:09]: Loading './fastlane/metadata/ru/apple_tv_privacy_policy.txt'...
[23:02:09]: Loading './fastlane/metadata/sk/description.txt'...
[23:02:09]: Loading './fastlane/metadata/sk/keywords.txt'...
[23:02:09]: Loading './fastlane/metadata/sk/release_notes.txt'...
[23:02:09]: Loading './fastlane/metadata/sk/support_url.txt'...
[23:02:09]: Loading './fastlane/metadata/sk/marketing_url.txt'...
[23:02:09]: Loading './fastlane/metadata/sk/promotional_text.txt'...
[23:02:09]: Loading './fastlane/metadata/sk/name.txt'...
[23:02:09]: Loading './fastlane/metadata/sk/subtitle.txt'...
[23:02:09]: Loading './fastlane/metadata/sk/privacy_url.txt'...
[23:02:09]: Loading './fastlane/metadata/sk/apple_tv_privacy_policy.txt'...
[23:02:09]: Loading './fastlane/metadata/sl-SI/description.txt'...
[23:02:09]: Loading './fastlane/metadata/sl-SI/keywords.txt'...
[23:02:09]: Loading './fastlane/metadata/sl-SI/release_notes.txt'...
[23:02:09]: Loading './fastlane/metadata/sl-SI/support_url.txt'...
[23:02:09]: Loading './fastlane/metadata/sl-SI/marketing_url.txt'...
[23:02:09]: Loading './fastlane/metadata/sl-SI/promotional_text.txt'...
[23:02:09]: Loading './fastlane/metadata/sl-SI/name.txt'...
[23:02:09]: Loading './fastlane/metadata/sl-SI/subtitle.txt'...
[23:02:09]: Loading './fastlane/metadata/sl-SI/privacy_url.txt'...
[23:02:09]: Loading './fastlane/metadata/sl-SI/apple_tv_privacy_policy.txt'...
[23:02:09]: Loading './fastlane/metadata/sv/description.txt'...
[23:02:09]: Loading './fastlane/metadata/sv/keywords.txt'...
[23:02:09]: Loading './fastlane/metadata/sv/release_notes.txt'...
[23:02:09]: Loading './fastlane/metadata/sv/support_url.txt'...
[23:02:09]: Loading './fastlane/metadata/sv/marketing_url.txt'...
[23:02:09]: Loading './fastlane/metadata/sv/promotional_text.txt'...
[23:02:09]: Loading './fastlane/metadata/sv/name.txt'...
[23:02:09]: Loading './fastlane/metadata/sv/subtitle.txt'...
[23:02:09]: Loading './fastlane/metadata/sv/privacy_url.txt'...
[23:02:09]: Loading './fastlane/metadata/sv/apple_tv_privacy_policy.txt'...
[23:02:09]: Loading './fastlane/metadata/ta-IN/description.txt'...
[23:02:09]: Loading './fastlane/metadata/ta-IN/keywords.txt'...
[23:02:09]: Loading './fastlane/metadata/ta-IN/release_notes.txt'...
[23:02:09]: Loading './fastlane/metadata/ta-IN/support_url.txt'...
[23:02:09]: Loading './fastlane/metadata/ta-IN/marketing_url.txt'...
[23:02:09]: Loading './fastlane/metadata/ta-IN/promotional_text.txt'...
[23:02:09]: Loading './fastlane/metadata/ta-IN/name.txt'...
[23:02:09]: Loading './fastlane/metadata/ta-IN/subtitle.txt'...
[23:02:09]: Loading './fastlane/metadata/ta-IN/privacy_url.txt'...
[23:02:09]: Loading './fastlane/metadata/ta-IN/apple_tv_privacy_policy.txt'...
[23:02:09]: Loading './fastlane/metadata/te-IN/description.txt'...
[23:02:09]: Loading './fastlane/metadata/te-IN/keywords.txt'...
[23:02:09]: Loading './fastlane/metadata/te-IN/release_notes.txt'...
[23:02:09]: Loading './fastlane/metadata/te-IN/support_url.txt'...
[23:02:09]: Loading './fastlane/metadata/te-IN/marketing_url.txt'...
[23:02:09]: Loading './fastlane/metadata/te-IN/promotional_text.txt'...
[23:02:09]: Loading './fastlane/metadata/te-IN/name.txt'...
[23:02:09]: Loading './fastlane/metadata/te-IN/subtitle.txt'...
[23:02:09]: Loading './fastlane/metadata/te-IN/privacy_url.txt'...
[23:02:09]: Loading './fastlane/metadata/te-IN/apple_tv_privacy_policy.txt'...
[23:02:09]: Loading './fastlane/metadata/th/description.txt'...
[23:02:09]: Loading './fastlane/metadata/th/keywords.txt'...
[23:02:09]: Loading './fastlane/metadata/th/release_notes.txt'...
[23:02:09]: Loading './fastlane/metadata/th/support_url.txt'...
[23:02:09]: Loading './fastlane/metadata/th/marketing_url.txt'...
[23:02:09]: Loading './fastlane/metadata/th/promotional_text.txt'...
[23:02:09]: Loading './fastlane/metadata/th/name.txt'...
[23:02:09]: Loading './fastlane/metadata/th/subtitle.txt'...
[23:02:09]: Loading './fastlane/metadata/th/privacy_url.txt'...
[23:02:09]: Loading './fastlane/metadata/th/apple_tv_privacy_policy.txt'...
[23:02:09]: Loading './fastlane/metadata/tr/description.txt'...
[23:02:09]: Loading './fastlane/metadata/tr/keywords.txt'...
[23:02:09]: Loading './fastlane/metadata/tr/release_notes.txt'...
[23:02:09]: Loading './fastlane/metadata/tr/support_url.txt'...
[23:02:09]: Loading './fastlane/metadata/tr/marketing_url.txt'...
[23:02:09]: Loading './fastlane/metadata/tr/promotional_text.txt'...
[23:02:09]: Loading './fastlane/metadata/tr/name.txt'...
[23:02:09]: Loading './fastlane/metadata/tr/subtitle.txt'...
[23:02:09]: Loading './fastlane/metadata/tr/privacy_url.txt'...
[23:02:09]: Loading './fastlane/metadata/tr/apple_tv_privacy_policy.txt'...
[23:02:09]: Loading './fastlane/metadata/uk/description.txt'...
[23:02:09]: Loading './fastlane/metadata/uk/keywords.txt'...
[23:02:09]: Loading './fastlane/metadata/uk/release_notes.txt'...
[23:02:09]: Loading './fastlane/metadata/uk/support_url.txt'...
[23:02:09]: Loading './fastlane/metadata/uk/marketing_url.txt'...
[23:02:09]: Loading './fastlane/metadata/uk/promotional_text.txt'...
[23:02:09]: Loading './fastlane/metadata/uk/name.txt'...
[23:02:09]: Loading './fastlane/metadata/uk/subtitle.txt'...
[23:02:09]: Loading './fastlane/metadata/uk/privacy_url.txt'...
[23:02:09]: Loading './fastlane/metadata/uk/apple_tv_privacy_policy.txt'...
[23:02:09]: Loading './fastlane/metadata/ur-PK/description.txt'...
[23:02:09]: Loading './fastlane/metadata/ur-PK/keywords.txt'...
[23:02:09]: Loading './fastlane/metadata/ur-PK/release_notes.txt'...
[23:02:09]: Loading './fastlane/metadata/ur-PK/support_url.txt'...
[23:02:09]: Loading './fastlane/metadata/ur-PK/marketing_url.txt'...
[23:02:09]: Loading './fastlane/metadata/ur-PK/promotional_text.txt'...
[23:02:09]: Loading './fastlane/metadata/ur-PK/name.txt'...
[23:02:09]: Loading './fastlane/metadata/ur-PK/subtitle.txt'...
[23:02:09]: Loading './fastlane/metadata/ur-PK/privacy_url.txt'...
[23:02:09]: Loading './fastlane/metadata/ur-PK/apple_tv_privacy_policy.txt'...
[23:02:09]: Loading './fastlane/metadata/vi/description.txt'...
[23:02:09]: Loading './fastlane/metadata/vi/keywords.txt'...
[23:02:09]: Loading './fastlane/metadata/vi/release_notes.txt'...
[23:02:09]: Loading './fastlane/metadata/vi/support_url.txt'...
[23:02:09]: Loading './fastlane/metadata/vi/marketing_url.txt'...
[23:02:09]: Loading './fastlane/metadata/vi/promotional_text.txt'...
[23:02:09]: Loading './fastlane/metadata/vi/name.txt'...
[23:02:09]: Loading './fastlane/metadata/vi/subtitle.txt'...
[23:02:09]: Loading './fastlane/metadata/vi/privacy_url.txt'...
[23:02:09]: Loading './fastlane/metadata/vi/apple_tv_privacy_policy.txt'...
[23:02:09]: Loading './fastlane/metadata/zh-Hans/description.txt'...
[23:02:09]: Loading './fastlane/metadata/zh-Hans/keywords.txt'...
[23:02:09]: Loading './fastlane/metadata/zh-Hans/release_notes.txt'...
[23:02:09]: Loading './fastlane/metadata/zh-Hans/support_url.txt'...
[23:02:09]: Loading './fastlane/metadata/zh-Hans/marketing_url.txt'...
[23:02:09]: Loading './fastlane/metadata/zh-Hans/promotional_text.txt'...
[23:02:09]: Loading './fastlane/metadata/zh-Hans/name.txt'...
[23:02:09]: Loading './fastlane/metadata/zh-Hans/subtitle.txt'...
[23:02:09]: Loading './fastlane/metadata/zh-Hans/privacy_url.txt'...
[23:02:09]: Loading './fastlane/metadata/zh-Hans/apple_tv_privacy_policy.txt'...
[23:02:09]: Loading './fastlane/metadata/zh-Hant/description.txt'...
[23:02:09]: Loading './fastlane/metadata/zh-Hant/keywords.txt'...
[23:02:09]: Loading './fastlane/metadata/zh-Hant/release_notes.txt'...
[23:02:09]: Loading './fastlane/metadata/zh-Hant/support_url.txt'...
[23:02:09]: Loading './fastlane/metadata/zh-Hant/marketing_url.txt'...
[23:02:09]: Loading './fastlane/metadata/zh-Hant/promotional_text.txt'...
[23:02:09]: Loading './fastlane/metadata/zh-Hant/name.txt'...
[23:02:09]: Loading './fastlane/metadata/zh-Hant/subtitle.txt'...
[23:02:09]: Loading './fastlane/metadata/zh-Hant/privacy_url.txt'...
[23:02:09]: Loading './fastlane/metadata/zh-Hant/apple_tv_privacy_policy.txt'...
[23:02:09]: Loading './fastlane/metadata/copyright.txt'...
[23:02:09]: Loading './fastlane/metadata/primary_category.txt'...
[23:02:09]: Loading './fastlane/metadata/secondary_category.txt'...
[23:02:09]: Loading './fastlane/metadata/primary_first_sub_category.txt'...
[23:02:09]: Loading './fastlane/metadata/primary_second_sub_category.txt'...
[23:02:09]: Loading './fastlane/metadata/secondary_first_sub_category.txt'...
[23:02:09]: Loading './fastlane/metadata/secondary_second_sub_category.txt'...
[23:02:09]: Loading './fastlane/metadata/review_information/phone_number.txt'...
[23:02:09]: Loading './fastlane/metadata/review_information/email_address.txt'...
[23:02:09]: Loading './fastlane/metadata/review_information/demo_password.txt'...
[23:02:11]: No changes to localized App Info detected. Skipping upload.
[23:02:12]: Will begin uploading metadata for '1.1.0' on App Store Connect
[23:02:12]: Uploading metadata to App Store Connect for version
[23:02:16]: Uploading metadata to App Store Connect for localized version 'en-US'
[23:02:16]: Uploading metadata to App Store Connect for localized version 'tr'
[23:02:16]: Uploading metadata to App Store Connect for localized version 'ja'
[23:02:16]: Uploading metadata to App Store Connect for localized version 'hu'
[23:02:16]: Uploading metadata to App Store Connect for localized version 'nl-NL'
[23:02:16]: Uploading metadata to App Store Connect for localized version 'te-IN'
[23:02:16]: Uploading metadata to App Store Connect for localized version 'ms'
[23:02:16]: Uploading metadata to App Store Connect for localized version 'pt-PT'
[23:02:16]: Uploading metadata to App Store Connect for localized version 'he'
[23:02:16]: Uploading metadata to App Store Connect for localized version 'kn-IN'
[23:02:16]: Uploading metadata to App Store Connect for localized version 'ur-PK'
#<Thread:0x00000001260372e0 /opt/homebrew/Cellar/fastlane/2.234.0/libexec/gems/fastlane-2.234.0/fastlane_core/lib/fastlane_core/queue_worker.rb:37 run> terminated with exception (report_on_exception is true):
/opt/homebrew/Cellar/fastlane/2.234.0/libexec/gems/fastlane-2.234.0/spaceship/lib/spaceship/connect_api/models/app_store_version_localization.rb:64:in 'Spaceship::ConnectAPI::AppStoreVersionLocalization#update': An exception has occurred for locale: en-US. (Spaceship::AppStoreLocalizationError)
Error: An attribute value is too long. - Keywords for English (U.S.) cannot be longer than 100 characters. - /data/attributes/keywords
	from /opt/homebrew/Cellar/fastlane/2.234.0/libexec/gems/fastlane-2.234.0/deliver/lib/deliver/upload_metadata.rb:214:in 'block in Deliver::UploadMetadata#upload'
	from /opt/homebrew/Cellar/fastlane/2.234.0/libexec/gems/fastlane-2.234.0/fastlane_core/lib/fastlane_core/queue_worker.rb:40:in 'block (2 levels) in FastlaneCore::QueueWorker#start'
/opt/homebrew/Cellar/fastlane/2.234.0/libexec/gems/fastlane-2.234.0/spaceship/lib/spaceship/connect_api/api_client.rb:223:in 'Spaceship::ConnectAPI::APIClient#handle_response': An attribute value is too long. - Keywords for English (U.S.) cannot be longer than 100 characters. - /data/attributes/keywords (Spaceship::UnexpectedResponse)
	from /opt/homebrew/Cellar/fastlane/2.234.0/libexec/gems/fastlane-2.234.0/spaceship/lib/spaceship/connect_api/api_client.rb:136:in 'Spaceship::ConnectAPI::APIClient#patch'
	from /opt/homebrew/Cellar/fastlane/2.234.0/libexec/gems/fastlane-2.234.0/spaceship/lib/spaceship/connect_api/tunes/tunes.rb:827:in 'Spaceship::ConnectAPI::Tunes::API#patch_app_store_version_localization'
	from /opt/homebrew/Cellar/ruby/4.0.4/lib/ruby/4.0.0/forwardable.rb:231:in 'Spaceship::ConnectAPI.patch_app_store_version_localization'
	from /opt/homebrew/Cellar/fastlane/2.234.0/libexec/gems/fastlane-2.234.0/spaceship/lib/spaceship/connect_api/models/app_store_version_localization.rb:62:in 'Spaceship::ConnectAPI::AppStoreVersionLocalization#update'
	from /opt/homebrew/Cellar/fastlane/2.234.0/libexec/gems/fastlane-2.234.0/deliver/lib/deliver/upload_metadata.rb:214:in 'block in Deliver::UploadMetadata#upload'
	from /opt/homebrew/Cellar/fastlane/2.234.0/libexec/gems/fastlane-2.234.0/fastlane_core/lib/fastlane_core/queue_worker.rb:40:in 'block (2 levels) in FastlaneCore::QueueWorker#start'
+----------------------------------------+
|              Lane Context              |
+------------------+---------------------+
| DEFAULT_PLATFORM | ios                 |
| PLATFORM_NAME    | ios                 |
| LANE_NAME        | ios upload_metadata |
+------------------+---------------------+
[23:02:16]: An exception has occurred for locale: en-US.
Error: An attribute value is too long. - Keywords for English (U.S.) cannot be longer than 100 characters. - /data/attributes/keywords

+---------------------------------------------+
|              fastlane summary               |
+------+------------------------+-------------+
| Step | Action                 | Time (in s) |
+------+------------------------+-------------+
| 1    | opt_out_usage          | 0           |
| 2    | default_platform       | 0           |
| 3    | app_store_connect_api  | 0           |
|      | _key                   |             |
| 💥   | deliver                | 7           |
+------+------------------------+-------------+

[23:02:16]: fastlane finished with errors

[!] An exception has occurred for locale: en-US.
Error: An attribute value is too long. - Keywords for English (U.S.) cannot be longer than 100 characters. - /data/attributes/keywords
Check the localization requirements here: https://developer.apple.com/help/app-store-connect/manage-app-information/localize-app-information
